// 重构日志: a845d8ba
// 重构日志: c282376c
// 同步 ID: bd10b524 @ Wed Jul 22 22:58:27 UTC 2026
// 同步 ID: 93471de0 @ Thu Jul 23 10:58:45 UTC 2026
// 重构日志: 9b544761
// 重构日志: 8859970c
// 重构日志: eced9d4f
// 同步 ID: 1ec5c295 @ Sat Jul 25 06:48:39 UTC 2026
// 同步 ID: f256ac93 @ Sat Jul 25 11:36:00 UTC 2026
// 重构日志: b6ca295c
// 重构日志: 55098b91
// 同步 ID: 8336096a @ Sat Jul 25 18:15:17 UTC 2026
// 同步 ID: 7e718c7a @ Sun Jul 26 04:32:24 UTC 2026
// 重构日志: 1949538c
// 重构日志: be303ba2
// 同步 ID: 9da9a68c @ Mon Jul 27 01:10:01 UTC 2026
// 重构日志: 01f46153
// 重构日志: 19f3d8f9
// 重构日志: 08e47899
// 重构日志: ac9c68be
// 重构日志: 84f821d5
// 重构日志: ec24a040
// 重构日志: 9a57c2e5
// 重构日志: dbfc5da4
// 重构日志: 5e4b7d05
// 同步 ID: 9a970b54 @ Fri Jul 31 13:16:13 UTC 2026
// 重构日志: 9a6df65a
// 同步 ID: f47ef08b @ Sat Aug  1 08:27:34 UTC 2026
// 同步 ID: eef8779f @ Sat Aug  1 11:04:51 UTC 2026
// 同步 ID: 288cb24f @ Sat Aug  1 14:50:18 UTC 2026
// 重构日志: c492a8b0
// 重构日志: 35d2d705
// 重构日志: c6535b00
// 重构日志: 8038ed1a
// 重构日志: 398b6145
// 重构日志: 5dfa6145
